Script started on 2026-02-06 12:10:14+01:00 [COMMAND="espflash flash --monitor target/xtensa-esp32s3-none-elf/release/analysis" <not executed on terminal>]
[90m[[0m2026-02-06T11:10:14Z [32mINFO [0m[90m][0m Serial port: '/dev/ttyACM0'
[90m[[0m2026-02-06T11:10:14Z [32mINFO [0m[90m][0m Connecting...
[90m[[0m2026-02-06T11:10:14Z [32mINFO [0m[90m][0m Using flash stub
Chip type:         esp32s3 (revision v0.2)
Crystal frequency: 40 MHz
Flash size:        16MB
Features:          WiFi, BLE, Embedded Flash
MAC address:       dc:b4:d9:04:54:7c
App/part. size:    123,488/16,384,000 bytes, 0.75%
[00:00:00] [========================================]      14/14      0x0      [38;5;14mSkipped! (checksum matches)[39m                                                      [00:00:00] [========================================]       1/1       0x8000   [38;5;14mSkipped! (checksum matches)[39m                                                      [00:00:00] [========================================]      43/43      0x10000  [38;5;14mSkipped! (checksum matches)[39m                                                      [90m[[0m2026-02-06T11:10:15Z [32mINFO [0m[90m][0m Flashing has completed!
Commands:
    CTRL+R    Reset chip
    CTRL+C    Exit

ESP-ROM:esp32s3-20210327
Build:Mar 27 2021
rst:0x15 (USB_UART_CHIP_RESET),boot:0x8 (SPI_FAST_FLASH_BOOT)
Saved PC:0x40378f09
SPIWP:0xee
mode:DIO, clock div:2
load:0x3fce2820,len:0x158c
load:0x403c8700,len:0xd24
load:0x403cb700,len:0x2f34
entry 0x403c8924
I (27) boot: ESP-IDF v5.5.1-838-gd66ebb86d2e 2nd stage bootloader
I (27) boot: compile time Nov 26 2025 12:27:56
I (27) boot: Multicore bootloader
I (29) boot: chip revision: v0.2
I (31) boot: efuse block revision: v1.3
I (35) boot.esp32s3: Boot SPI Speed : 40MHz
I (39) boot.esp32s3: SPI Mode       : DIO
I (43) boot.esp32s3: SPI Flash Size : 16MB
I (47) boot: Enabling RNG early entropy source...
I (51) boot: Partition Table:
I (54) boot: ## Label            Usage          Type ST Offset   Length
I (60) boot:  0 nvs              WiFi data        01 02 00009000 00006000
I (66) boot:  1 phy_init         RF data          01 01 0000f000 00001000
I (73) boot:  2 factory          factory app      00 00 00010000 00fa0000
I (80) boot: End of partition table
I (83) esp_image: segment 0: paddr=00010020 vaddr=3c000020 size=02af4h ( 10996) map
I (93) esp_image: segment 1: paddr=00012b1c vaddr=3fc89644 size=00590h (  1424) load
I (98) esp_image: segment 2: paddr=000130b4 vaddr=40378000 size=01644h (  5700) load
I (107) esp_image: segment 3: paddr=00014700 vaddr=00000000 size=0b918h ( 47384) 
I (124) esp_image: segment 4: paddr=00020020 vaddr=42010020 size=0e210h ( 57872) map
I (139) boot: Loaded app from partition at offset 0x10000
I (139) boot: Disabling RNG early entropy source...
System Init. Clock: Max. WDT Disabled. Starting Inference...
Allocating Input in STATIC memory...
Stack painted from 0x3fc92e80 to 0x3fca9940 (92864 bytes)
Running Inference Iteration 1...
Inference done in 887 ms
STACK_PEAK:204384
STACK_TOTAL:297600
Running Inference Iteration 2...
Inference done in 886 ms
STACK_PEAK:204384
STACK_TOTAL:297600
Running Inference Iteration 3...
Inference done in 886 ms
STACK_PEAK:204384
STACK_TOTAL:297600
ANALYSIS_DONE
Error:   [31m√ó[0m Broken pipe


Script done on 2026-02-06 12:11:52+01:00 [COMMAND_EXIT_CODE="1"]
